
> frontend@0.1.0 build
> craco build

sh: línea 1: craco: orden no encontrada
